// Vitest Snapshot v1, https://vitest.dev/guide/snapshot.html

exports[`barChart > it should look visually correct 1`] = `"<svg width=\\"540\\" height=\\"350\\"><rect class=\\"bar\\" x=\\"17.419354838709694\\" y=\\"233.33333333333337\\" width=\\"156.7741935483871\\" height=\\"116.66666666666663\\"></rect><rect class=\\"bar\\" x=\\"191.61290322580646\\" y=\\"116.66666666666669\\" width=\\"156.7741935483871\\" height=\\"233.33333333333331\\"></rect><rect class=\\"bar\\" x=\\"365.80645161290323\\" y=\\"0\\" width=\\"156.7741935483871\\" height=\\"350\\"></rect></svg>"`;
