// Vitest Snapshot v1, https://vitest.dev/guide/snapshot.html

exports[`lineChart > it should look visually correct 1`] = `"<svg width=\\"660\\" height=\\"450\\"><g transform=\\"translate(40, 20)\\"><path class=\\"line\\" d=\\"M0,266.667L300,133.333L600,0\\" fill=\\"none\\" stroke=\\"steelblue\\" stroke-width=\\"1.5\\"></path><g transform=\\"translate(0, 400)\\" fill=\\"none\\" font-size=\\"10\\" font-family=\\"sans-serif\\" text-anchor=\\"middle\\"><path class=\\"domain\\" stroke=\\"currentColor\\" d=\\"M0.5,6V0.5H600.5V6\\"></path><g class=\\"tick\\" opacity=\\"1\\" transform=\\"translate(25.5,0)\\"><line stroke=\\"currentColor\\" y2=\\"6\\"></line><text fill=\\"currentColor\\" y=\\"9\\" dy=\\"0.71em\\">06 PM</text></g><g class=\\"tick\\" opacity=\\"1\\" transform=\\"translate(100.5,0)\\"><line stroke=\\"currentColor\\" y2=\\"6\\"></line><text fill=\\"currentColor\\" y=\\"9\\" dy=\\"0.71em\\">2020</text></g><g class=\\"tick\\" opacity=\\"1\\" transform=\\"translate(175.5,0)\\"><line stroke=\\"currentColor\\" y2=\\"6\\"></line><text fill=\\"currentColor\\" y=\\"9\\" dy=\\"0.71em\\">06 AM</text></g><g class=\\"tick\\" opacity=\\"1\\" transform=\\"translate(250.5,0)\\"><line stroke=\\"currentColor\\" y2=\\"6\\"></line><text fill=\\"currentColor\\" y=\\"9\\" dy=\\"0.71em\\">12 PM</text></g><g class=\\"tick\\" opacity=\\"1\\" transform=\\"translate(325.5,0)\\"><line stroke=\\"currentColor\\" y2=\\"6\\"></line><text fill=\\"currentColor\\" y=\\"9\\" dy=\\"0.71em\\">06 PM</text></g><g class=\\"tick\\" opacity=\\"1\\" transform=\\"translate(400.5,0)\\"><line stroke=\\"currentColor\\" y2=\\"6\\"></line><text fill=\\"currentColor\\" y=\\"9\\" dy=\\"0.71em\\">Thu 02</text></g><g class=\\"tick\\" opacity=\\"1\\" transform=\\"translate(475.5,0)\\"><line stroke=\\"currentColor\\" y2=\\"6\\"></line><text fill=\\"currentColor\\" y=\\"9\\" dy=\\"0.71em\\">06 AM</text></g><g class=\\"tick\\" opacity=\\"1\\" transform=\\"translate(550.5,0)\\"><line stroke=\\"currentColor\\" y2=\\"6\\"></line><text fill=\\"currentColor\\" y=\\"9\\" dy=\\"0.71em\\">12 PM</text></g></g><g fill=\\"none\\" font-size=\\"10\\" font-family=\\"sans-serif\\" text-anchor=\\"end\\"><path class=\\"domain\\" stroke=\\"currentColor\\" d=\\"M-6,400.5H0.5V0.5H-6\\"></path><g class=\\"tick\\" opacity=\\"1\\" transform=\\"translate(0,400.5)\\"><line stroke=\\"currentColor\\" x2=\\"-6\\"></line><text fill=\\"currentColor\\" x=\\"-9\\" dy=\\"0.32em\\">0</text></g><g class=\\"tick\\" opacity=\\"1\\" transform=\\"translate(0,373.8333333333333)\\"><line stroke=\\"currentColor\\" x2=\\"-6\\"></line><text fill=\\"currentColor\\" x=\\"-9\\" dy=\\"0.32em\\">2</text></g><g class=\\"tick\\" opacity=\\"1\\" transform=\\"translate(0,347.1666666666667)\\"><line stroke=\\"currentColor\\" x2=\\"-6\\"></line><text fill=\\"currentColor\\" x=\\"-9\\" dy=\\"0.32em\\">4</text></g><g class=\\"tick\\" opacity=\\"1\\" transform=\\"translate(0,320.5)\\"><line stroke=\\"currentColor\\" x2=\\"-6\\"></line><text fill=\\"currentColor\\" x=\\"-9\\" dy=\\"0.32em\\">6</text></g><g class=\\"tick\\" opacity=\\"1\\" transform=\\"translate(0,293.83333333333337)\\"><line stroke=\\"currentColor\\" x2=\\"-6\\"></line><text fill=\\"currentColor\\" x=\\"-9\\" dy=\\"0.32em\\">8</text></g><g class=\\"tick\\" opacity=\\"1\\" transform=\\"translate(0,267.1666666666667)\\"><line stroke=\\"currentColor\\" x2=\\"-6\\"></line><text fill=\\"currentColor\\" x=\\"-9\\" dy=\\"0.32em\\">10</text></g><g class=\\"tick\\" opacity=\\"1\\" transform=\\"translate(0,240.5)\\"><line stroke=\\"currentColor\\" x2=\\"-6\\"></line><text fill=\\"currentColor\\" x=\\"-9\\" dy=\\"0.32em\\">12</text></g><g class=\\"tick\\" opacity=\\"1\\" transform=\\"translate(0,213.83333333333334)\\"><line stroke=\\"currentColor\\" x2=\\"-6\\"></line><text fill=\\"currentColor\\" x=\\"-9\\" dy=\\"0.32em\\">14</text></g><g class=\\"tick\\" opacity=\\"1\\" transform=\\"translate(0,187.16666666666666)\\"><line stroke=\\"currentColor\\" x2=\\"-6\\"></line><text fill=\\"currentColor\\" x=\\"-9\\" dy=\\"0.32em\\">16</text></g><g class=\\"tick\\" opacity=\\"1\\" transform=\\"translate(0,160.5)\\"><line stroke=\\"currentColor\\" x2=\\"-6\\"></line><text fill=\\"currentColor\\" x=\\"-9\\" dy=\\"0.32em\\">18</text></g><g class=\\"tick\\" opacity=\\"1\\" transform=\\"translate(0,133.83333333333334)\\"><line stroke=\\"currentColor\\" x2=\\"-6\\"></line><text fill=\\"currentColor\\" x=\\"-9\\" dy=\\"0.32em\\">20</text></g><g class=\\"tick\\" opacity=\\"1\\" transform=\\"translate(0,107.16666666666669)\\"><line stroke=\\"currentColor\\" x2=\\"-6\\"></line><text fill=\\"currentColor\\" x=\\"-9\\" dy=\\"0.32em\\">22</text></g><g class=\\"tick\\" opacity=\\"1\\" transform=\\"translate(0,80.49999999999999)\\"><line stroke=\\"currentColor\\" x2=\\"-6\\"></line><text fill=\\"currentColor\\" x=\\"-9\\" dy=\\"0.32em\\">24</text></g><g class=\\"tick\\" opacity=\\"1\\" transform=\\"translate(0,53.83333333333332)\\"><line stroke=\\"currentColor\\" x2=\\"-6\\"></line><text fill=\\"currentColor\\" x=\\"-9\\" dy=\\"0.32em\\">26</text></g><g class=\\"tick\\" opacity=\\"1\\" transform=\\"translate(0,27.16666666666666)\\"><line stroke=\\"currentColor\\" x2=\\"-6\\"></line><text fill=\\"currentColor\\" x=\\"-9\\" dy=\\"0.32em\\">28</text></g><g class=\\"tick\\" opacity=\\"1\\" transform=\\"translate(0,0.5)\\"><line stroke=\\"currentColor\\" x2=\\"-6\\"></line><text fill=\\"currentColor\\" x=\\"-9\\" dy=\\"0.32em\\">30</text></g></g></g></svg>"`;
