// Vitest Snapshot v1, https://vitest.dev/guide/snapshot.html

exports[`barChart > multiple series > grouped > it should look visually correct 1`] = `"<svg width=\\"660\\" height=\\"450\\"><g transform=\\"translate(40, 20)\\"><rect class=\\"bar bar-0\\" x=\\"19.354838709677438\\" y=\\"300\\" width=\\"87.09677419354838\\" fill=\\"#1f77b4\\" height=\\"100\\"></rect><rect class=\\"bar bar-0\\" x=\\"212.90322580645162\\" y=\\"200\\" width=\\"87.09677419354838\\" fill=\\"#1f77b4\\" height=\\"200\\"></rect><rect class=\\"bar bar-0\\" x=\\"406.4516129032258\\" y=\\"100\\" width=\\"87.09677419354838\\" fill=\\"#1f77b4\\" height=\\"300\\"></rect><rect class=\\"bar bar-1\\" x=\\"106.45161290322582\\" y=\\"200\\" width=\\"87.09677419354838\\" fill=\\"#ff7f0e\\" height=\\"200\\"></rect><rect class=\\"bar bar-1\\" x=\\"300\\" y=\\"100\\" width=\\"87.09677419354838\\" fill=\\"#ff7f0e\\" height=\\"300\\"></rect><rect class=\\"bar bar-1\\" x=\\"493.54838709677415\\" y=\\"0\\" width=\\"87.09677419354838\\" fill=\\"#ff7f0e\\" height=\\"400\\"></rect><g class=\\"x-axis\\" transform=\\"translate(0, 400)\\" fill=\\"none\\" font-size=\\"10\\" font-family=\\"sans-serif\\" text-anchor=\\"middle\\"><path class=\\"domain\\" stroke=\\"currentColor\\" d=\\"M0.5,6V0.5H600.5V6\\"></path><g class=\\"tick\\" opacity=\\"1\\" transform=\\"translate(106.45161290322582,0)\\"><line stroke=\\"currentColor\\" y2=\\"6\\"></line><text fill=\\"currentColor\\" y=\\"9\\" dy=\\"0.71em\\">foo</text></g><g class=\\"tick\\" opacity=\\"1\\" transform=\\"translate(300,0)\\"><line stroke=\\"currentColor\\" y2=\\"6\\"></line><text fill=\\"currentColor\\" y=\\"9\\" dy=\\"0.71em\\">bar</text></g><g class=\\"tick\\" opacity=\\"1\\" transform=\\"translate(493.54838709677415,0)\\"><line stroke=\\"currentColor\\" y2=\\"6\\"></line><text fill=\\"currentColor\\" y=\\"9\\" dy=\\"0.71em\\">baz</text></g></g><g class=\\"y-axis\\" fill=\\"none\\" font-size=\\"10\\" font-family=\\"sans-serif\\" text-anchor=\\"end\\"><path class=\\"domain\\" stroke=\\"currentColor\\" d=\\"M-6,400.5H0.5V0.5H-6\\"></path><g class=\\"tick\\" opacity=\\"1\\" transform=\\"translate(0,400.5)\\"><line stroke=\\"currentColor\\" x2=\\"-6\\"></line><text fill=\\"currentColor\\" x=\\"-9\\" dy=\\"0.32em\\">0</text></g><g class=\\"tick\\" opacity=\\"1\\" transform=\\"translate(0,350.5)\\"><line stroke=\\"currentColor\\" x2=\\"-6\\"></line><text fill=\\"currentColor\\" x=\\"-9\\" dy=\\"0.32em\\">5</text></g><g class=\\"tick\\" opacity=\\"1\\" transform=\\"translate(0,300.5)\\"><line stroke=\\"currentColor\\" x2=\\"-6\\"></line><text fill=\\"currentColor\\" x=\\"-9\\" dy=\\"0.32em\\">10</text></g><g class=\\"tick\\" opacity=\\"1\\" transform=\\"translate(0,250.5)\\"><line stroke=\\"currentColor\\" x2=\\"-6\\"></line><text fill=\\"currentColor\\" x=\\"-9\\" dy=\\"0.32em\\">15</text></g><g class=\\"tick\\" opacity=\\"1\\" transform=\\"translate(0,200.5)\\"><line stroke=\\"currentColor\\" x2=\\"-6\\"></line><text fill=\\"currentColor\\" x=\\"-9\\" dy=\\"0.32em\\">20</text></g><g class=\\"tick\\" opacity=\\"1\\" transform=\\"translate(0,150.5)\\"><line stroke=\\"currentColor\\" x2=\\"-6\\"></line><text fill=\\"currentColor\\" x=\\"-9\\" dy=\\"0.32em\\">25</text></g><g class=\\"tick\\" opacity=\\"1\\" transform=\\"translate(0,100.5)\\"><line stroke=\\"currentColor\\" x2=\\"-6\\"></line><text fill=\\"currentColor\\" x=\\"-9\\" dy=\\"0.32em\\">30</text></g><g class=\\"tick\\" opacity=\\"1\\" transform=\\"translate(0,50.5)\\"><line stroke=\\"currentColor\\" x2=\\"-6\\"></line><text fill=\\"currentColor\\" x=\\"-9\\" dy=\\"0.32em\\">35</text></g><g class=\\"tick\\" opacity=\\"1\\" transform=\\"translate(0,0.5)\\"><line stroke=\\"currentColor\\" x2=\\"-6\\"></line><text fill=\\"currentColor\\" x=\\"-9\\" dy=\\"0.32em\\">40</text></g></g></g></svg>"`;

exports[`barChart > multiple series > stacked > it should look visually correct 1`] = `"<svg width=\\"660\\" height=\\"450\\"><g transform=\\"translate(40, 20)\\"><rect class=\\"bar bar-0\\" x=\\"19.354838709677438\\" y=\\"300\\" width=\\"87.09677419354838\\" fill=\\"#1f77b4\\" height=\\"100\\"></rect><rect class=\\"bar bar-0\\" x=\\"212.90322580645162\\" y=\\"200\\" width=\\"87.09677419354838\\" fill=\\"#1f77b4\\" height=\\"200\\"></rect><rect class=\\"bar bar-0\\" x=\\"406.4516129032258\\" y=\\"100\\" width=\\"87.09677419354838\\" fill=\\"#1f77b4\\" height=\\"300\\"></rect><rect class=\\"bar bar-1\\" x=\\"106.45161290322582\\" y=\\"200\\" width=\\"87.09677419354838\\" fill=\\"#ff7f0e\\" height=\\"200\\"></rect><rect class=\\"bar bar-1\\" x=\\"300\\" y=\\"100\\" width=\\"87.09677419354838\\" fill=\\"#ff7f0e\\" height=\\"300\\"></rect><rect class=\\"bar bar-1\\" x=\\"493.54838709677415\\" y=\\"0\\" width=\\"87.09677419354838\\" fill=\\"#ff7f0e\\" height=\\"400\\"></rect><g class=\\"x-axis\\" transform=\\"translate(0, 400)\\" fill=\\"none\\" font-size=\\"10\\" font-family=\\"sans-serif\\" text-anchor=\\"middle\\"><path class=\\"domain\\" stroke=\\"currentColor\\" d=\\"M0.5,6V0.5H600.5V6\\"></path><g class=\\"tick\\" opacity=\\"1\\" transform=\\"translate(106.45161290322582,0)\\"><line stroke=\\"currentColor\\" y2=\\"6\\"></line><text fill=\\"currentColor\\" y=\\"9\\" dy=\\"0.71em\\">foo</text></g><g class=\\"tick\\" opacity=\\"1\\" transform=\\"translate(300,0)\\"><line stroke=\\"currentColor\\" y2=\\"6\\"></line><text fill=\\"currentColor\\" y=\\"9\\" dy=\\"0.71em\\">bar</text></g><g class=\\"tick\\" opacity=\\"1\\" transform=\\"translate(493.54838709677415,0)\\"><line stroke=\\"currentColor\\" y2=\\"6\\"></line><text fill=\\"currentColor\\" y=\\"9\\" dy=\\"0.71em\\">baz</text></g></g><g class=\\"y-axis\\" fill=\\"none\\" font-size=\\"10\\" font-family=\\"sans-serif\\" text-anchor=\\"end\\"><path class=\\"domain\\" stroke=\\"currentColor\\" d=\\"M-6,400.5H0.5V0.5H-6\\"></path><g class=\\"tick\\" opacity=\\"1\\" transform=\\"translate(0,400.5)\\"><line stroke=\\"currentColor\\" x2=\\"-6\\"></line><text fill=\\"currentColor\\" x=\\"-9\\" dy=\\"0.32em\\">0</text></g><g class=\\"tick\\" opacity=\\"1\\" transform=\\"translate(0,350.5)\\"><line stroke=\\"currentColor\\" x2=\\"-6\\"></line><text fill=\\"currentColor\\" x=\\"-9\\" dy=\\"0.32em\\">5</text></g><g class=\\"tick\\" opacity=\\"1\\" transform=\\"translate(0,300.5)\\"><line stroke=\\"currentColor\\" x2=\\"-6\\"></line><text fill=\\"currentColor\\" x=\\"-9\\" dy=\\"0.32em\\">10</text></g><g class=\\"tick\\" opacity=\\"1\\" transform=\\"translate(0,250.5)\\"><line stroke=\\"currentColor\\" x2=\\"-6\\"></line><text fill=\\"currentColor\\" x=\\"-9\\" dy=\\"0.32em\\">15</text></g><g class=\\"tick\\" opacity=\\"1\\" transform=\\"translate(0,200.5)\\"><line stroke=\\"currentColor\\" x2=\\"-6\\"></line><text fill=\\"currentColor\\" x=\\"-9\\" dy=\\"0.32em\\">20</text></g><g class=\\"tick\\" opacity=\\"1\\" transform=\\"translate(0,150.5)\\"><line stroke=\\"currentColor\\" x2=\\"-6\\"></line><text fill=\\"currentColor\\" x=\\"-9\\" dy=\\"0.32em\\">25</text></g><g class=\\"tick\\" opacity=\\"1\\" transform=\\"translate(0,100.5)\\"><line stroke=\\"currentColor\\" x2=\\"-6\\"></line><text fill=\\"currentColor\\" x=\\"-9\\" dy=\\"0.32em\\">30</text></g><g class=\\"tick\\" opacity=\\"1\\" transform=\\"translate(0,50.5)\\"><line stroke=\\"currentColor\\" x2=\\"-6\\"></line><text fill=\\"currentColor\\" x=\\"-9\\" dy=\\"0.32em\\">35</text></g><g class=\\"tick\\" opacity=\\"1\\" transform=\\"translate(0,0.5)\\"><line stroke=\\"currentColor\\" x2=\\"-6\\"></line><text fill=\\"currentColor\\" x=\\"-9\\" dy=\\"0.32em\\">40</text></g></g></g></svg>"`;

exports[`barChart > single series > it should look visually correct 1`] = `"<svg width=\\"660\\" height=\\"450\\"><g transform=\\"translate(40, 20)\\"><rect class=\\"bar bar-0\\" x=\\"19.354838709677438\\" y=\\"266.6666666666667\\" width=\\"174.19354838709677\\" fill=\\"#1f77b4\\" height=\\"133.33333333333331\\"></rect><rect class=\\"bar bar-0\\" x=\\"212.90322580645162\\" y=\\"133.33333333333334\\" width=\\"174.19354838709677\\" fill=\\"#1f77b4\\" height=\\"266.66666666666663\\"></rect><rect class=\\"bar bar-0\\" x=\\"406.4516129032258\\" y=\\"0\\" width=\\"174.19354838709677\\" fill=\\"#1f77b4\\" height=\\"400\\"></rect><g class=\\"x-axis\\" transform=\\"translate(0, 400)\\" fill=\\"none\\" font-size=\\"10\\" font-family=\\"sans-serif\\" text-anchor=\\"middle\\"><path class=\\"domain\\" stroke=\\"currentColor\\" d=\\"M0.5,6V0.5H600.5V6\\"></path><g class=\\"tick\\" opacity=\\"1\\" transform=\\"translate(106.45161290322582,0)\\"><line stroke=\\"currentColor\\" y2=\\"6\\"></line><text fill=\\"currentColor\\" y=\\"9\\" dy=\\"0.71em\\">foo</text></g><g class=\\"tick\\" opacity=\\"1\\" transform=\\"translate(300,0)\\"><line stroke=\\"currentColor\\" y2=\\"6\\"></line><text fill=\\"currentColor\\" y=\\"9\\" dy=\\"0.71em\\">bar</text></g><g class=\\"tick\\" opacity=\\"1\\" transform=\\"translate(493.54838709677415,0)\\"><line stroke=\\"currentColor\\" y2=\\"6\\"></line><text fill=\\"currentColor\\" y=\\"9\\" dy=\\"0.71em\\">baz</text></g></g><g class=\\"y-axis\\" fill=\\"none\\" font-size=\\"10\\" font-family=\\"sans-serif\\" text-anchor=\\"end\\"><path class=\\"domain\\" stroke=\\"currentColor\\" d=\\"M-6,400.5H0.5V0.5H-6\\"></path><g class=\\"tick\\" opacity=\\"1\\" transform=\\"translate(0,400.5)\\"><line stroke=\\"currentColor\\" x2=\\"-6\\"></line><text fill=\\"currentColor\\" x=\\"-9\\" dy=\\"0.32em\\">0</text></g><g class=\\"tick\\" opacity=\\"1\\" transform=\\"translate(0,373.8333333333333)\\"><line stroke=\\"currentColor\\" x2=\\"-6\\"></line><text fill=\\"currentColor\\" x=\\"-9\\" dy=\\"0.32em\\">2</text></g><g class=\\"tick\\" opacity=\\"1\\" transform=\\"translate(0,347.1666666666667)\\"><line stroke=\\"currentColor\\" x2=\\"-6\\"></line><text fill=\\"currentColor\\" x=\\"-9\\" dy=\\"0.32em\\">4</text></g><g class=\\"tick\\" opacity=\\"1\\" transform=\\"translate(0,320.5)\\"><line stroke=\\"currentColor\\" x2=\\"-6\\"></line><text fill=\\"currentColor\\" x=\\"-9\\" dy=\\"0.32em\\">6</text></g><g class=\\"tick\\" opacity=\\"1\\" transform=\\"translate(0,293.83333333333337)\\"><line stroke=\\"currentColor\\" x2=\\"-6\\"></line><text fill=\\"currentColor\\" x=\\"-9\\" dy=\\"0.32em\\">8</text></g><g class=\\"tick\\" opacity=\\"1\\" transform=\\"translate(0,267.1666666666667)\\"><line stroke=\\"currentColor\\" x2=\\"-6\\"></line><text fill=\\"currentColor\\" x=\\"-9\\" dy=\\"0.32em\\">10</text></g><g class=\\"tick\\" opacity=\\"1\\" transform=\\"translate(0,240.5)\\"><line stroke=\\"currentColor\\" x2=\\"-6\\"></line><text fill=\\"currentColor\\" x=\\"-9\\" dy=\\"0.32em\\">12</text></g><g class=\\"tick\\" opacity=\\"1\\" transform=\\"translate(0,213.83333333333334)\\"><line stroke=\\"currentColor\\" x2=\\"-6\\"></line><text fill=\\"currentColor\\" x=\\"-9\\" dy=\\"0.32em\\">14</text></g><g class=\\"tick\\" opacity=\\"1\\" transform=\\"translate(0,187.16666666666666)\\"><line stroke=\\"currentColor\\" x2=\\"-6\\"></line><text fill=\\"currentColor\\" x=\\"-9\\" dy=\\"0.32em\\">16</text></g><g class=\\"tick\\" opacity=\\"1\\" transform=\\"translate(0,160.5)\\"><line stroke=\\"currentColor\\" x2=\\"-6\\"></line><text fill=\\"currentColor\\" x=\\"-9\\" dy=\\"0.32em\\">18</text></g><g class=\\"tick\\" opacity=\\"1\\" transform=\\"translate(0,133.83333333333334)\\"><line stroke=\\"currentColor\\" x2=\\"-6\\"></line><text fill=\\"currentColor\\" x=\\"-9\\" dy=\\"0.32em\\">20</text></g><g class=\\"tick\\" opacity=\\"1\\" transform=\\"translate(0,107.16666666666669)\\"><line stroke=\\"currentColor\\" x2=\\"-6\\"></line><text fill=\\"currentColor\\" x=\\"-9\\" dy=\\"0.32em\\">22</text></g><g class=\\"tick\\" opacity=\\"1\\" transform=\\"translate(0,80.49999999999999)\\"><line stroke=\\"currentColor\\" x2=\\"-6\\"></line><text fill=\\"currentColor\\" x=\\"-9\\" dy=\\"0.32em\\">24</text></g><g class=\\"tick\\" opacity=\\"1\\" transform=\\"translate(0,53.83333333333332)\\"><line stroke=\\"currentColor\\" x2=\\"-6\\"></line><text fill=\\"currentColor\\" x=\\"-9\\" dy=\\"0.32em\\">26</text></g><g class=\\"tick\\" opacity=\\"1\\" transform=\\"translate(0,27.16666666666666)\\"><line stroke=\\"currentColor\\" x2=\\"-6\\"></line><text fill=\\"currentColor\\" x=\\"-9\\" dy=\\"0.32em\\">28</text></g><g class=\\"tick\\" opacity=\\"1\\" transform=\\"translate(0,0.5)\\"><line stroke=\\"currentColor\\" x2=\\"-6\\"></line><text fill=\\"currentColor\\" x=\\"-9\\" dy=\\"0.32em\\">30</text></g></g></g></svg>"`;
