// Vitest Snapshot v1, https://vitest.dev/guide/snapshot.html

exports[`lineChart > multiple series > it should look visually correct 1`] = `"<svg width=\\"660\\" height=\\"450\\"><g class=\\"chart-wrapper\\" transform=\\"translate(40, 20)\\"><g class=\\"lines-wrapper\\"><path class=\\"line\\" fill=\\"none\\" stroke=\\"black\\" d=\\"M0,400L300,200L600,0\\" stroke-dasharray=\\"none\\" stroke-dashoffset=\\"0\\" stroke-width=\\"1.5\\"></path><path class=\\"line\\" fill=\\"none\\" stroke=\\"black\\" d=\\"M0,0L300,200L600,400\\" stroke-dasharray=\\"none\\" stroke-dashoffset=\\"0\\" stroke-width=\\"1.5\\"></path></g><g class=\\"x-axis\\" transform=\\"translate(0, 400)\\" fill=\\"none\\" font-size=\\"10\\" font-family=\\"sans-serif\\" text-anchor=\\"middle\\"><path class=\\"domain\\" stroke=\\"currentColor\\" d=\\"M0.5,6V0.5H600.5V6\\"></path><g class=\\"tick\\" opacity=\\"1\\" transform=\\"translate(25.5,0)\\"><line stroke=\\"currentColor\\" y2=\\"6\\"></line><text fill=\\"currentColor\\" y=\\"9\\" dy=\\"0.71em\\">06 PM</text></g><g class=\\"tick\\" opacity=\\"1\\" transform=\\"translate(100.5,0)\\"><line stroke=\\"currentColor\\" y2=\\"6\\"></line><text fill=\\"currentColor\\" y=\\"9\\" dy=\\"0.71em\\">2020</text></g><g class=\\"tick\\" opacity=\\"1\\" transform=\\"translate(175.5,0)\\"><line stroke=\\"currentColor\\" y2=\\"6\\"></line><text fill=\\"currentColor\\" y=\\"9\\" dy=\\"0.71em\\">06 AM</text></g><g class=\\"tick\\" opacity=\\"1\\" transform=\\"translate(250.5,0)\\"><line stroke=\\"currentColor\\" y2=\\"6\\"></line><text fill=\\"currentColor\\" y=\\"9\\" dy=\\"0.71em\\">12 PM</text></g><g class=\\"tick\\" opacity=\\"1\\" transform=\\"translate(325.5,0)\\"><line stroke=\\"currentColor\\" y2=\\"6\\"></line><text fill=\\"currentColor\\" y=\\"9\\" dy=\\"0.71em\\">06 PM</text></g><g class=\\"tick\\" opacity=\\"1\\" transform=\\"translate(400.5,0)\\"><line stroke=\\"currentColor\\" y2=\\"6\\"></line><text fill=\\"currentColor\\" y=\\"9\\" dy=\\"0.71em\\">Thu 02</text></g><g class=\\"tick\\" opacity=\\"1\\" transform=\\"translate(475.5,0)\\"><line stroke=\\"currentColor\\" y2=\\"6\\"></line><text fill=\\"currentColor\\" y=\\"9\\" dy=\\"0.71em\\">06 AM</text></g><g class=\\"tick\\" opacity=\\"1\\" transform=\\"translate(550.5,0)\\"><line stroke=\\"currentColor\\" y2=\\"6\\"></line><text fill=\\"currentColor\\" y=\\"9\\" dy=\\"0.71em\\">12 PM</text></g></g><g class=\\"y-axis\\" fill=\\"none\\" font-size=\\"10\\" font-family=\\"sans-serif\\" text-anchor=\\"end\\"><path class=\\"domain\\" stroke=\\"currentColor\\" d=\\"M-6,400.5H0.5V0.5H-6\\"></path><g class=\\"tick\\" opacity=\\"1\\" transform=\\"translate(0,400.5)\\"><line stroke=\\"currentColor\\" x2=\\"-6\\"></line><text fill=\\"currentColor\\" x=\\"-9\\" dy=\\"0.32em\\">10</text></g><g class=\\"tick\\" opacity=\\"1\\" transform=\\"translate(0,360.5)\\"><line stroke=\\"currentColor\\" x2=\\"-6\\"></line><text fill=\\"currentColor\\" x=\\"-9\\" dy=\\"0.32em\\">12</text></g><g class=\\"tick\\" opacity=\\"1\\" transform=\\"translate(0,320.5)\\"><line stroke=\\"currentColor\\" x2=\\"-6\\"></line><text fill=\\"currentColor\\" x=\\"-9\\" dy=\\"0.32em\\">14</text></g><g class=\\"tick\\" opacity=\\"1\\" transform=\\"translate(0,280.5)\\"><line stroke=\\"currentColor\\" x2=\\"-6\\"></line><text fill=\\"currentColor\\" x=\\"-9\\" dy=\\"0.32em\\">16</text></g><g class=\\"tick\\" opacity=\\"1\\" transform=\\"translate(0,240.5)\\"><line stroke=\\"currentColor\\" x2=\\"-6\\"></line><text fill=\\"currentColor\\" x=\\"-9\\" dy=\\"0.32em\\">18</text></g><g class=\\"tick\\" opacity=\\"1\\" transform=\\"translate(0,200.5)\\"><line stroke=\\"currentColor\\" x2=\\"-6\\"></line><text fill=\\"currentColor\\" x=\\"-9\\" dy=\\"0.32em\\">20</text></g><g class=\\"tick\\" opacity=\\"1\\" transform=\\"translate(0,160.5)\\"><line stroke=\\"currentColor\\" x2=\\"-6\\"></line><text fill=\\"currentColor\\" x=\\"-9\\" dy=\\"0.32em\\">22</text></g><g class=\\"tick\\" opacity=\\"1\\" transform=\\"translate(0,120.50000000000001)\\"><line stroke=\\"currentColor\\" x2=\\"-6\\"></line><text fill=\\"currentColor\\" x=\\"-9\\" dy=\\"0.32em\\">24</text></g><g class=\\"tick\\" opacity=\\"1\\" transform=\\"translate(0,80.49999999999999)\\"><line stroke=\\"currentColor\\" x2=\\"-6\\"></line><text fill=\\"currentColor\\" x=\\"-9\\" dy=\\"0.32em\\">26</text></g><g class=\\"tick\\" opacity=\\"1\\" transform=\\"translate(0,40.49999999999999)\\"><line stroke=\\"currentColor\\" x2=\\"-6\\"></line><text fill=\\"currentColor\\" x=\\"-9\\" dy=\\"0.32em\\">28</text></g><g class=\\"tick\\" opacity=\\"1\\" transform=\\"translate(0,0.5)\\"><line stroke=\\"currentColor\\" x2=\\"-6\\"></line><text fill=\\"currentColor\\" x=\\"-9\\" dy=\\"0.32em\\">30</text></g></g></g></svg>"`;

exports[`lineChart > single series > it should look visually correct 1`] = `"<svg width=\\"660\\" height=\\"450\\"><g class=\\"chart-wrapper\\" transform=\\"translate(40, 20)\\"><g class=\\"lines-wrapper\\"><path class=\\"line\\" fill=\\"none\\" stroke=\\"black\\" d=\\"M0,400L300,200L600,0\\" stroke-dasharray=\\"none\\" stroke-dashoffset=\\"0\\" stroke-width=\\"1.5\\"></path></g><g class=\\"x-axis\\" transform=\\"translate(0, 400)\\" fill=\\"none\\" font-size=\\"10\\" font-family=\\"sans-serif\\" text-anchor=\\"middle\\"><path class=\\"domain\\" stroke=\\"currentColor\\" d=\\"M0.5,6V0.5H600.5V6\\"></path><g class=\\"tick\\" opacity=\\"1\\" transform=\\"translate(25.5,0)\\"><line stroke=\\"currentColor\\" y2=\\"6\\"></line><text fill=\\"currentColor\\" y=\\"9\\" dy=\\"0.71em\\">06 PM</text></g><g class=\\"tick\\" opacity=\\"1\\" transform=\\"translate(100.5,0)\\"><line stroke=\\"currentColor\\" y2=\\"6\\"></line><text fill=\\"currentColor\\" y=\\"9\\" dy=\\"0.71em\\">2020</text></g><g class=\\"tick\\" opacity=\\"1\\" transform=\\"translate(175.5,0)\\"><line stroke=\\"currentColor\\" y2=\\"6\\"></line><text fill=\\"currentColor\\" y=\\"9\\" dy=\\"0.71em\\">06 AM</text></g><g class=\\"tick\\" opacity=\\"1\\" transform=\\"translate(250.5,0)\\"><line stroke=\\"currentColor\\" y2=\\"6\\"></line><text fill=\\"currentColor\\" y=\\"9\\" dy=\\"0.71em\\">12 PM</text></g><g class=\\"tick\\" opacity=\\"1\\" transform=\\"translate(325.5,0)\\"><line stroke=\\"currentColor\\" y2=\\"6\\"></line><text fill=\\"currentColor\\" y=\\"9\\" dy=\\"0.71em\\">06 PM</text></g><g class=\\"tick\\" opacity=\\"1\\" transform=\\"translate(400.5,0)\\"><line stroke=\\"currentColor\\" y2=\\"6\\"></line><text fill=\\"currentColor\\" y=\\"9\\" dy=\\"0.71em\\">Thu 02</text></g><g class=\\"tick\\" opacity=\\"1\\" transform=\\"translate(475.5,0)\\"><line stroke=\\"currentColor\\" y2=\\"6\\"></line><text fill=\\"currentColor\\" y=\\"9\\" dy=\\"0.71em\\">06 AM</text></g><g class=\\"tick\\" opacity=\\"1\\" transform=\\"translate(550.5,0)\\"><line stroke=\\"currentColor\\" y2=\\"6\\"></line><text fill=\\"currentColor\\" y=\\"9\\" dy=\\"0.71em\\">12 PM</text></g></g><g class=\\"y-axis\\" fill=\\"none\\" font-size=\\"10\\" font-family=\\"sans-serif\\" text-anchor=\\"end\\"><path class=\\"domain\\" stroke=\\"currentColor\\" d=\\"M-6,400.5H0.5V0.5H-6\\"></path><g class=\\"tick\\" opacity=\\"1\\" transform=\\"translate(0,400.5)\\"><line stroke=\\"currentColor\\" x2=\\"-6\\"></line><text fill=\\"currentColor\\" x=\\"-9\\" dy=\\"0.32em\\">10</text></g><g class=\\"tick\\" opacity=\\"1\\" transform=\\"translate(0,360.5)\\"><line stroke=\\"currentColor\\" x2=\\"-6\\"></line><text fill=\\"currentColor\\" x=\\"-9\\" dy=\\"0.32em\\">12</text></g><g class=\\"tick\\" opacity=\\"1\\" transform=\\"translate(0,320.5)\\"><line stroke=\\"currentColor\\" x2=\\"-6\\"></line><text fill=\\"currentColor\\" x=\\"-9\\" dy=\\"0.32em\\">14</text></g><g class=\\"tick\\" opacity=\\"1\\" transform=\\"translate(0,280.5)\\"><line stroke=\\"currentColor\\" x2=\\"-6\\"></line><text fill=\\"currentColor\\" x=\\"-9\\" dy=\\"0.32em\\">16</text></g><g class=\\"tick\\" opacity=\\"1\\" transform=\\"translate(0,240.5)\\"><line stroke=\\"currentColor\\" x2=\\"-6\\"></line><text fill=\\"currentColor\\" x=\\"-9\\" dy=\\"0.32em\\">18</text></g><g class=\\"tick\\" opacity=\\"1\\" transform=\\"translate(0,200.5)\\"><line stroke=\\"currentColor\\" x2=\\"-6\\"></line><text fill=\\"currentColor\\" x=\\"-9\\" dy=\\"0.32em\\">20</text></g><g class=\\"tick\\" opacity=\\"1\\" transform=\\"translate(0,160.5)\\"><line stroke=\\"currentColor\\" x2=\\"-6\\"></line><text fill=\\"currentColor\\" x=\\"-9\\" dy=\\"0.32em\\">22</text></g><g class=\\"tick\\" opacity=\\"1\\" transform=\\"translate(0,120.50000000000001)\\"><line stroke=\\"currentColor\\" x2=\\"-6\\"></line><text fill=\\"currentColor\\" x=\\"-9\\" dy=\\"0.32em\\">24</text></g><g class=\\"tick\\" opacity=\\"1\\" transform=\\"translate(0,80.49999999999999)\\"><line stroke=\\"currentColor\\" x2=\\"-6\\"></line><text fill=\\"currentColor\\" x=\\"-9\\" dy=\\"0.32em\\">26</text></g><g class=\\"tick\\" opacity=\\"1\\" transform=\\"translate(0,40.49999999999999)\\"><line stroke=\\"currentColor\\" x2=\\"-6\\"></line><text fill=\\"currentColor\\" x=\\"-9\\" dy=\\"0.32em\\">28</text></g><g class=\\"tick\\" opacity=\\"1\\" transform=\\"translate(0,0.5)\\"><line stroke=\\"currentColor\\" x2=\\"-6\\"></line><text fill=\\"currentColor\\" x=\\"-9\\" dy=\\"0.32em\\">30</text></g></g></g></svg>"`;
